[www.socialtables.com/blog/hospitality/hospitality-blogs/index.html]
[www.socialtables.com/wp-content/cache/fvm/min/1665736253-css0c5dde491c2cd328689006687264d15c9eb57e0b8540c0f4cd59f3b820f8a.css]
[www.socialtables.com/wp-content/cache/fvm/min/1665736253-cssde218f16300fc032f3954851c70bd6136dac854d5efaf0e2c2025c3adc623.css]
[www.socialtables.com/wp-content/cache/fvm/min/1665736253-css1e6e9039bbcc7daa4d2ee7990b6e60e5d175d592f57377ef1bfec3fd52ad3.css]
[www.socialtables.com/wp-content/cache/fvm/min/1665736253-css9611df1678f4f7e91899e5713cba392a640e16ad68b31a2b6e9f5e8e8e37b.css]
[www.socialtables.com/wp-content/cache/fvm/min/1665736253-cssbf0da50f5e483efae6848156a898930ed2a7838aa8e4d5579eddc9294653c.css]
[www.socialtables.com/wp-content/cache/fvm/min/1665736253-css7fc50da7d4159f3608db6a0af96fa3968f392a205eb3eaf689600decaa27f.css]
[www.socialtables.com/wp-content/cache/fvm/min/1665736253-css6729840c7274a939b216ed1cda464cd64c68284b2e14bc79cd72bab5bb9cd.css]
[backblue.gif]
[fade.gif]
[index.html]
[www.socialtables.com/wp-content/cache/fvm/min/1665736253-cssc8c8aa6c3c1eea9d5e2626af9b034595a1e214dba27fbdbe0d9c9ba9eab67.css]
[socialtables.wpenginepowered.com/wp-includes/js/jquery/jquery.minaf6c.js]
[socialtables.wpenginepowered.com/wp-includes/js/jquery/jquery-migrate.mind617.js]
[socialtables.wpenginepowered.com/wp-includes/js/imagesloaded.min1eb7.js]
[socialtables.wpenginepowered.com/wp-content/uploads/2017/02/cropped-ST_Icon-300x300.png]
[socialtables.wpenginepowered.com/wp-content/uploads/2019/02/Cvent-and-Social-Tables.png]
[socialtables.wpenginepowered.com/wp-content/uploads/2019/08/WorkFromHome-1024x784.png]
[www.socialtables.com/wp-content/uploads/2019/02/Cvent-and-Social-Tables.png]
[www.socialtables.com/wp-content/uploads/2019/08/WorkFromHome.png]
[socialtables.wpenginepowered.com/wp-content/uploads/2019/07/Computers.jpg]
[socialtables.wpenginepowered.com/wp-content/uploads/2019/08/event-services-block.png]
[socialtables.wpenginepowered.com/wp-content/uploads/2019/08/Hand-Shake.png]
[socialtables.wpenginepowered.com/wp-content/uploads/2018/04/Event-Sales-Solution-1024x522.png]
[socialtables.wpenginepowered.com/wp-content/uploads/2019/07/Briefcase-1024x779.png]
[socialtables.wpenginepowered.com/wp-content/uploads/2018/11/asset72X@3x.png]
[socialtables.wpenginepowered.com/wp-content/uploads/2018/12/FB-Green-Icon.png]
[socialtables.wpenginepowered.com/wp-content/uploads/2018/12/Twitteer-Green-Icon.png]
[socialtables.wpenginepowered.com/wp-content/uploads/2018/12/IG-Green-Icon.png]
[socialtables.wpenginepowered.com/wp-content/uploads/2018/12/LI-Green-Icon.png]
[socialtables.wpenginepowered.com/wp-content/uploads/2018/12/YT-Geen-ICON.png]
[socialtables.wpenginepowered.com/wp-content/themes/bb-theme-child/js/marketo-mcid-integration.js]
[socialtables.wpenginepowered.com/wp-content/plugins/posts-table-pro/assets/js/datatables/datatables.min47e3.js]
[socialtables.wpenginepowered.com/wp-content/plugins/posts-table-pro/assets/js/jquery-blockui/jquery.blockUI.min6a65.js]
[socialtables.wpenginepowered.com/wp-content/plugins/posts-table-pro/assets/js/posts-table-pro.min4c71.js]
[socialtables.wpenginepowered.com/wp-content/plugins/bb-plugin/js/jquery.ba-throttle-debounce.min1a14.js]
[socialtables.wpenginepowered.com/wp-content/plugins/bb-plugin/js/jquery.magnificpopup.min1a14.js]
[socialtables.wpenginepowered.com/wp-content/plugins/bb-plugin/js/jquery.fitvids.min62ea.js]
[socialtables.wpenginepowered.com/wp-content/themes/bb-theme/js/bootstrap.min97e9.js]
[www.socialtables.com/blog/hospitality/hospitality-blogs/index.html]
[www.socialtables.com/wp-content/cache/fvm/min/1665736253-css0c5dde491c2cd328689006687264d15c9eb57e0b8540c0f4cd59f3b820f8a.css]
[socialtables.wpenginepowered.com/wp-content/themes/bb-theme/js/theme.min97e9.js]
[www.socialtables.com/wp-content/plugins/posts-table-pro/assets/css/datatables/DataTables-1.10.16/images/sort_both.png]
[www.socialtables.com/wp-content/plugins/posts-table-pro/assets/css/datatables/DataTables-1.10.16/images/sort_asc.png]
[www.socialtables.com/wp-content/plugins/posts-table-pro/assets/css/datatables/DataTables-1.10.16/images/sort_desc.png]
[www.socialtables.com/wp-content/plugins/posts-table-pro/assets/css/datatables/DataTables-1.10.16/images/sort_asc_disabled.png]
[www.socialtables.com/wp-content/plugins/posts-table-pro/assets/css/datatables/DataTables-1.10.16/images/sort_desc_disabled.png]
[www.socialtables.com/wp-content/cache/fvm/min/1665736253-cssde218f16300fc032f3954851c70bd6136dac854d5efaf0e2c2025c3adc623.css]
[www.socialtables.com/wp-content/cache/fvm/min/1665736253-css1e6e9039bbcc7daa4d2ee7990b6e60e5d175d592f57377ef1bfec3fd52ad3.css]
[www.socialtables.com/wp-content/cache/fvm/min/1665736253-css9611df1678f4f7e91899e5713cba392a640e16ad68b31a2b6e9f5e8e8e37b.css]
[www.socialtables.com/wp-content/cache/fvm/min/1665736253-cssbf0da50f5e483efae6848156a898930ed2a7838aa8e4d5579eddc9294653c.css]
[www.socialtables.com/wp-content/cache/fvm/min/1665736253-css7fc50da7d4159f3608db6a0af96fa3968f392a205eb3eaf689600decaa27f.css]
[www.socialtables.com/wp-content/cache/fvm/min/1665736253-css6729840c7274a939b216ed1cda464cd64c68284b2e14bc79cd72bab5bb9cd.css]
[www.socialtables.com/wp-content/cache/fvm/min/1665736253-cssc8c8aa6c3c1eea9d5e2626af9b034595a1e214dba27fbdbe0d9c9ba9eab67.css]
[www.googletagmanager.com/gtm5445.html]
